>>> multiply_vectors = __import__('multiply_vectors').multiply_vectors

>>> vec1 = [2]
>>> vec2 = ['a']
>>> multiply_vectors(vec1, vec2)
Traceback (most recent call last):
    ...
TypeError: matrix must be a matrix (list of lists) of integers/floats

>>> multiply_vectors(1)
Traceback (most recent call last):
    ...
ValueError: Both vectors must be of the same length

>>> multiply_vectors()
Traceback (most recent call last):
    ...
TypeError: matrix_divided() missing 2 required positional arguments: 'vec1' and 'vec2'
